
  .   ____          _            __ _ _
 /\\ / ___'_ __ _ _(_)_ __  __ _ \ \ \ \
( ( )\___ | '_ | '_| | '_ \/ _` | \ \ \ \
 \\/  ___)| |_)| | | | | || (_| |  ) ) ) )
  '  |____| .__|_| |_|_| |_\__, | / / / /
 =========|_|==============|___/=/_/_/_/

 :: Spring Boot ::               (v3.5.14)

2026-06-04T17:29:55.637Z  INFO 567181 --- [apicalendario] [           main] apicalendario.ApicalendarioApplication   : Starting ApicalendarioApplication v0.0.1-SNAPSHOT using Java 21.0.10 with PID 567181 (/home/ec2-user/VixCalendario/apicalendario/target/apicalendario-0.0.1-SNAPSHOT.jar started by ec2-user in /home/ec2-user/VixCalendario/apicalendario)
2026-06-04T17:29:55.649Z  INFO 567181 --- [apicalendario] [           main] apicalendario.ApicalendarioApplication   : No active profile set, falling back to 1 default profile: "default"
2026-06-04T17:29:57.645Z  INFO 567181 --- [apicalendario] [           main] .s.d.r.c.RepositoryConfigurationDelegate : Bootstrapping Spring Data JPA repositories in DEFAULT mode.
2026-06-04T17:29:57.803Z  INFO 567181 --- [apicalendario] [           main] .s.d.r.c.RepositoryConfigurationDelegate : Finished Spring Data repository scanning in 138 ms. Found 10 JPA repository interfaces.
2026-06-04T17:29:59.092Z  INFO 567181 --- [apicalendario] [           main] o.s.b.w.embedded.tomcat.TomcatWebServer  : Tomcat initialized with port 8080 (http)
2026-06-04T17:29:59.116Z  INFO 567181 --- [apicalendario] [           main] o.apache.catalina.core.StandardService   : Starting service [Tomcat]
2026-06-04T17:29:59.117Z  INFO 567181 --- [apicalendario] [           main] o.apache.catalina.core.StandardEngine    : Starting Servlet engine: [Apache Tomcat/10.1.54]
2026-06-04T17:29:59.221Z  INFO 567181 --- [apicalendario] [           main] o.a.c.c.C.[Tomcat].[localhost].[/]       : Initializing Spring embedded WebApplicationContext
2026-06-04T17:29:59.223Z  INFO 567181 --- [apicalendario] [           main] w.s.c.ServletWebServerApplicationContext : Root WebApplicationContext: initialization completed in 3407 ms
2026-06-04T17:29:59.478Z  INFO 567181 --- [apicalendario] [           main] o.hibernate.jpa.internal.util.LogHelper  : HHH000204: Processing PersistenceUnitInfo [name: default]
2026-06-04T17:29:59.567Z  INFO 567181 --- [apicalendario] [           main] org.hibernate.Version                    : HHH000412: Hibernate ORM core version 6.6.49.Final
2026-06-04T17:29:59.615Z  INFO 567181 --- [apicalendario] [           main] o.h.c.internal.RegionFactoryInitiator    : HHH000026: Second-level cache disabled
2026-06-04T17:30:00.060Z  INFO 567181 --- [apicalendario] [           main] o.s.o.j.p.SpringPersistenceUnitInfo      : No LoadTimeWeaver setup: ignoring JPA class transformer
2026-06-04T17:30:00.125Z  INFO 567181 --- [apicalendario] [           main] com.zaxxer.hikari.HikariDataSource       : HikariPool-1 - Starting...
2026-06-04T17:30:00.927Z  INFO 567181 --- [apicalendario] [           main] com.zaxxer.hikari.pool.HikariPool        : HikariPool-1 - Added connection org.postgresql.jdbc.PgConnection@35ceec81
2026-06-04T17:30:00.929Z  INFO 567181 --- [apicalendario] [           main] com.zaxxer.hikari.HikariDataSource       : HikariPool-1 - Start completed.
2026-06-04T17:30:00.970Z  WARN 567181 --- [apicalendario] [           main] org.hibernate.orm.deprecation            : HHH90000025: PostgreSQLDialect does not need to be specified explicitly using 'hibernate.dialect' (remove the property setting and it will be selected by default)
2026-06-04T17:30:01.014Z  INFO 567181 --- [apicalendario] [           main] org.hibernate.orm.connections.pooling    : HHH10001005: Database info:
	Database JDBC URL [Connecting through datasource 'HikariDataSource (HikariPool-1)']
	Database driver: undefined/unknown
	Database version: 18.4
	Autocommit mode: undefined/unknown
	Isolation level: undefined/unknown
	Minimum pool size: undefined/unknown
	Maximum pool size: undefined/unknown
2026-06-04T17:30:05.808Z  INFO 567181 --- [apicalendario] [           main] o.h.e.t.j.p.i.JtaPlatformInitiator       : HHH000489: No JTA platform available (set 'hibernate.transaction.jta.platform' to enable JTA platform integration)
2026-06-04T17:30:06.123Z  INFO 567181 --- [apicalendario] [           main] j.LocalContainerEntityManagerFactoryBean : Initialized JPA EntityManagerFactory for persistence unit 'default'
2026-06-04T17:30:06.785Z  INFO 567181 --- [apicalendario] [           main] o.s.d.j.r.query.QueryEnhancerFactory     : Hibernate is in classpath; If applicable, HQL parser will be used.
2026-06-04T17:30:08.352Z  WARN 567181 --- [apicalendario] [           main] JpaBaseConfiguration$JpaWebConfiguration : spring.jpa.open-in-view is enabled by default. Therefore, database queries may be performed during view rendering. Explicitly configure spring.jpa.open-in-view to disable this warning
2026-06-04T17:30:08.805Z  WARN 567181 --- [apicalendario] [           main] .s.s.UserDetailsServiceAutoConfiguration : 

Using generated security password: a2acda15-c314-4f2d-9e80-8da8325ea663

This generated password is for development use only. Your security configuration must be updated before running your application in production.

2026-06-04T17:30:08.824Z  INFO 567181 --- [apicalendario] [           main] r$InitializeUserDetailsManagerConfigurer : Global AuthenticationManager configured with UserDetailsService bean with name inMemoryUserDetailsManager
2026-06-04T17:30:09.710Z  WARN 567181 --- [apicalendario] [           main] ConfigServletWebServerApplicationContext : Exception encountered during context initialization - cancelling refresh attempt: org.springframework.context.ApplicationContextException: Failed to start bean 'webServerStartStop'
2026-06-04T17:30:09.719Z  INFO 567181 --- [apicalendario] [           main] j.LocalContainerEntityManagerFactoryBean : Closing JPA EntityManagerFactory for persistence unit 'default'
2026-06-04T17:30:09.723Z  INFO 567181 --- [apicalendario] [           main] com.zaxxer.hikari.HikariDataSource       : HikariPool-1 - Shutdown initiated...
2026-06-04T17:30:09.748Z  INFO 567181 --- [apicalendario] [           main] com.zaxxer.hikari.HikariDataSource       : HikariPool-1 - Shutdown completed.
2026-06-04T17:30:09.777Z  INFO 567181 --- [apicalendario] [           main] .s.b.a.l.ConditionEvaluationReportLogger : 

Error starting ApplicationContext. To display the condition evaluation report re-run your application with 'debug' enabled.
2026-06-04T17:30:09.816Z ERROR 567181 --- [apicalendario] [           main] o.s.b.d.LoggingFailureAnalysisReporter   : 

***************************
APPLICATION FAILED TO START
***************************

Description:

Web server failed to start. Port 8080 was already in use.

Action:

Identify and stop the process that's listening on port 8080 or configure this application to listen on another port.

